// Jest Snapshot v1, https://goo.gl/fbAQLP

exports[`component <Search /> given render: should match snapshot 1`] = `
<div>
  <main>
    <div
      class="MuiContainer-root MuiContainer-maxWidthSm"
    >
      <div
        class="MuiBox-root MuiBox-root-1"
      >
        <p
          class="MuiTypography-root MuiTypography-body1 MuiTypography-gutterBottom"
        >
          Busca de usuário por ID:
        </p>
        <div
          class="MuiInputBase-root MuiInput-root MuiInput-underline MuiInputBase-fullWidth MuiInput-fullWidth"
          variant="outlined"
        >
          <input
            class="MuiInputBase-input MuiInput-input"
            data-testid="search-field"
            name="search"
            placeholder="Digite aqui o ID do usuário"
            type="text"
            value=""
          />
        </div>
        <div
          class="MuiBox-root MuiBox-root-2"
        >
          <button
            class="MuiButtonBase-root MuiButton-root MuiButton-contained MuiButton-containedPrimary"
            tabindex="0"
            type="submit"
          >
            <span
              class="MuiButton-label"
            >
              Pesquisar
            </span>
            <span
              class="MuiTouchRipple-root"
            />
          </button>
        </div>
      </div>
    </div>
  </main>
</div>
`;
